---
source: src/native/tests/builder.rs
assertion_line: 68
expression: builder
---
BlockBuilder {
    columns: [
        ColumnBuilderRaw {
            name: "foo",
            data_type: Int32,
            layout: LayoutBuilder {
                kind: Fixed {
                    data: [
                        0x00000000,
                        0x01000000,
                        0x02000000,
                        0x03000000,
                        0x04000000,
                    ],
                },
                nulls: None,
            },
        },
    ],
}
